{"sessionId":"6cd3b0","runId":"run1","hypothesisId":"A","location":"AuraPlayerController.cpp:AbilityInputReleased","message":"Input released","data":{"InputTag":"InputTag.RMB","bIsTargeting":false,"FocusedActor":"null"},"timestamp":16807848620}
{"sessionId":"6cd3b0","runId":"run1","hypothesisId":"A","location":"AuraPlayerController.cpp:AbilityInputReleased","message":"Input released","data":{"InputTag":"InputTag.LMB","bIsTargeting":false,"FocusedActor":"null"},"timestamp":16807849419}
{"sessionId":"6cd3b0","runId":"run1","hypothesisId":"A","location":"AuraPlayerController.cpp:AbilityInputReleased","message":"NavPath obtained","data":{"PathPoints":2,"CachedDestination":"X=175.615 Y=42.272 Z=-0.500"},"timestamp":16807849420}
{"sessionId":"6cd3b0","runId":"run1","hypothesisId":"A","location":"AuraPlayerController.cpp:AbilityInputReleased","message":"Input released","data":{"InputTag":"InputTag.LMB","bIsTargeting":false,"FocusedActor":"null"},"timestamp":16807849603}
{"sessionId":"6cd3b0","runId":"run1","hypothesisId":"A","location":"AuraPlayerController.cpp:AbilityInputReleased","message":"NavPath obtained","data":{"PathPoints":2,"CachedDestination":"X=175.316 Y=-21.558 Z=-0.500"},"timestamp":16807849603}
{"sessionId":"6cd3b0","runId":"run1","hypothesisId":"A","location":"AuraPlayerController.cpp:AbilityInputReleased","message":"Input released","data":{"InputTag":"InputTag.LMB","bIsTargeting":false,"FocusedActor":"null"},"timestamp":16807849743}
{"sessionId":"6cd3b0","runId":"run1","hypothesisId":"A","location":"AuraPlayerController.cpp:AbilityInputReleased","message":"NavPath obtained","data":{"PathPoints":2,"CachedDestination":"X=221.477 Y=-27.697 Z=-0.500"},"timestamp":16807849743}
{"sessionId":"6cd3b0","runId":"run1","hypothesisId":"A","location":"AuraPlayerController.cpp:AbilityInputReleased","message":"Input released","data":{"InputTag":"InputTag.LMB","bIsTargeting":false,"FocusedActor":"null"},"timestamp":16807850076}
{"sessionId":"6cd3b0","runId":"run1","hypothesisId":"A","location":"AuraPlayerController.cpp:AbilityInputReleased","message":"NavPath obtained","data":{"PathPoints":3,"CachedDestination":"X=160.087 Y=463.229 Z=96.757"},"timestamp":16807850077}
{"sessionId":"6cd3b0","runId":"run1","hypothesisId":"A","location":"AuraPlayerController.cpp:AbilityInputReleased","message":"Input released","data":{"InputTag":"InputTag.1","bIsTargeting":false,"FocusedActor":"null"},"timestamp":16807850652}
{"sessionId":"6cd3b0","runId":"run1","hypothesisId":"B","location":"AuraProjectile.cpp:OnSphereOverlap","message":"Projectile overlap begin","data":{"OtherActor":"StaticMeshActor_51","bHasAuthority":true},"timestamp":16807850801}
{"sessionId":"6cd3b0","runId":"run1","hypothesisId":"B","location":"AuraProjectile.cpp:OnSphereOverlap","message":"Cast to character result","data":{"TargetCharacter":"null"},"timestamp":16807850821}
{"sessionId":"6cd3b0","runId":"run1","hypothesisId":"A","location":"AuraPlayerController.cpp:AbilityInputReleased","message":"Input released","data":{"InputTag":"InputTag.1","bIsTargeting":false,"FocusedActor":"null"},"timestamp":16807851365}
{"sessionId":"6cd3b0","runId":"run1","hypothesisId":"B","location":"AuraProjectile.cpp:OnSphereOverlap","message":"Projectile overlap begin","data":{"OtherActor":"StaticMeshActor_51","bHasAuthority":true},"timestamp":16807851491}
{"sessionId":"6cd3b0","runId":"run1","hypothesisId":"B","location":"AuraProjectile.cpp:OnSphereOverlap","message":"Cast to character result","data":{"TargetCharacter":"null"},"timestamp":16807851492}
{"sessionId":"6cd3b0","runId":"run1","hypothesisId":"A","location":"AuraPlayerController.cpp:AbilityInputReleased","message":"Input released","data":{"InputTag":"InputTag.1","bIsTargeting":false,"FocusedActor":"null"},"timestamp":16807851565}
{"sessionId":"6cd3b0","runId":"run1","hypothesisId":"A","location":"AuraPlayerController.cpp:AbilityInputReleased","message":"Input released","data":{"InputTag":"InputTag.1","bIsTargeting":false,"FocusedActor":"null"},"timestamp":16807851748}
{"sessionId":"6cd3b0","runId":"run1","hypothesisId":"A","location":"AuraPlayerController.cpp:AbilityInputReleased","message":"Input released","data":{"InputTag":"InputTag.1","bIsTargeting":false,"FocusedActor":"null"},"timestamp":16807851907}
{"sessionId":"6cd3b0","runId":"run1","hypothesisId":"A","location":"AuraPlayerController.cpp:AbilityInputReleased","message":"Input released","data":{"InputTag":"InputTag.1","bIsTargeting":false,"FocusedActor":"null"},"timestamp":16807852073}
{"sessionId":"6cd3b0","runId":"run1","hypothesisId":"B","location":"AuraProjectile.cpp:OnSphereOverlap","message":"Projectile overlap begin","data":{"OtherActor":"StaticMeshActor_51","bHasAuthority":true},"timestamp":16807852082}
{"sessionId":"6cd3b0","runId":"run1","hypothesisId":"B","location":"AuraProjectile.cpp:OnSphereOverlap","message":"Cast to character result","data":{"TargetCharacter":"null"},"timestamp":16807852083}
{"sessionId":"6cd3b0","runId":"run1","hypothesisId":"A","location":"AuraPlayerController.cpp:AbilityInputReleased","message":"Input released","data":{"InputTag":"InputTag.1","bIsTargeting":false,"FocusedActor":"null"},"timestamp":16807852248}
{"sessionId":"6cd3b0","runId":"run1","hypothesisId":"A","location":"AuraPlayerController.cpp:AbilityInputReleased","message":"Input released","data":{"InputTag":"InputTag.1","bIsTargeting":false,"FocusedActor":"null"},"timestamp":16807852406}
{"sessionId":"6cd3b0","runId":"run1","hypothesisId":"A","location":"AuraPlayerController.cpp:AbilityInputReleased","message":"Input released","data":{"InputTag":"InputTag.1","bIsTargeting":false,"FocusedActor":"null"},"timestamp":16807852565}
{"sessionId":"6cd3b0","runId":"run1","hypothesisId":"B","location":"AuraProjectile.cpp:OnSphereOverlap","message":"Projectile overlap begin","data":{"OtherActor":"StaticMeshActor_51","bHasAuthority":true},"timestamp":16807852666}
{"sessionId":"6cd3b0","runId":"run1","hypothesisId":"B","location":"AuraProjectile.cpp:OnSphereOverlap","message":"Cast to character result","data":{"TargetCharacter":"null"},"timestamp":16807852666}
{"sessionId":"6cd3b0","runId":"run1","hypothesisId":"A","location":"AuraPlayerController.cpp:AbilityInputReleased","message":"Input released","data":{"InputTag":"InputTag.1","bIsTargeting":false,"FocusedActor":"null"},"timestamp":16807852723}
{"sessionId":"6cd3b0","runId":"run1","hypothesisId":"A","location":"AuraPlayerController.cpp:AbilityInputReleased","message":"Input released","data":{"InputTag":"InputTag.1","bIsTargeting":false,"FocusedActor":"null"},"timestamp":16807852890}
{"sessionId":"6cd3b0","runId":"run1","hypothesisId":"A","location":"AuraPlayerController.cpp:AbilityInputReleased","message":"Input released","data":{"InputTag":"InputTag.1","bIsTargeting":false,"FocusedActor":"null"},"timestamp":16807853048}
{"sessionId":"6cd3b0","runId":"run1","hypothesisId":"A","location":"AuraPlayerController.cpp:AbilityInputReleased","message":"Input released","data":{"InputTag":"InputTag.1","bIsTargeting":false,"FocusedActor":"null"},"timestamp":16807853181}
{"sessionId":"6cd3b0","runId":"run1","hypothesisId":"B","location":"AuraProjectile.cpp:OnSphereOverlap","message":"Projectile overlap begin","data":{"OtherActor":"StaticMeshActor_51","bHasAuthority":true},"timestamp":16807853250}
{"sessionId":"6cd3b0","runId":"run1","hypothesisId":"B","location":"AuraProjectile.cpp:OnSphereOverlap","message":"Cast to character result","data":{"TargetCharacter":"null"},"timestamp":16807853250}
{"sessionId":"6cd3b0","runId":"run1","hypothesisId":"A","location":"AuraPlayerController.cpp:AbilityInputReleased","message":"Input released","data":{"InputTag":"InputTag.LMB","bIsTargeting":false,"FocusedActor":"null"},"timestamp":16807853524}
{"sessionId":"6cd3b0","runId":"run1","hypothesisId":"A","location":"AuraPlayerController.cpp:AbilityInputReleased","message":"NavPath obtained","data":{"PathPoints":2,"CachedDestination":"X=470.989 Y=144.977 Z=-0.500"},"timestamp":16807853524}
{"sessionId":"6cd3b0","runId":"run1","hypothesisId":"A","location":"AuraPlayerController.cpp:AbilityInputReleased","message":"Input released","data":{"InputTag":"InputTag.1","bIsTargeting":false,"FocusedActor":"null"},"timestamp":16807853898}
{"sessionId":"6cd3b0","runId":"run1","hypothesisId":"A","location":"AuraPlayerController.cpp:AbilityInputReleased","message":"Input released","data":{"InputTag":"InputTag.1","bIsTargeting":false,"FocusedActor":"null"},"timestamp":16807854082}
{"sessionId":"6cd3b0","runId":"run1","hypothesisId":"B","location":"AuraProjectile.cpp:OnSphereOverlap","message":"Projectile overlap begin","data":{"OtherActor":"StaticMeshActor_51","bHasAuthority":true},"timestamp":16807854149}
{"sessionId":"6cd3b0","runId":"run1","hypothesisId":"B","location":"AuraProjectile.cpp:OnSphereOverlap","message":"Cast to character result","data":{"TargetCharacter":"null"},"timestamp":16807854150}
{"sessionId":"6cd3b0","runId":"run1","hypothesisId":"A","location":"AuraPlayerController.cpp:AbilityInputReleased","message":"Input released","data":{"InputTag":"InputTag.1","bIsTargeting":false,"FocusedActor":"null"},"timestamp":16807854490}
{"sessionId":"6cd3b0","runId":"run1","hypothesisId":"A","location":"AuraPlayerController.cpp:AbilityInputReleased","message":"Input released","data":{"InputTag":"InputTag.1","bIsTargeting":false,"FocusedActor":"null"},"timestamp":16807854690}
{"sessionId":"6cd3b0","runId":"run1","hypothesisId":"B","location":"AuraProjectile.cpp:OnSphereOverlap","message":"Projectile overlap begin","data":{"OtherActor":"StaticMeshActor_51","bHasAuthority":true},"timestamp":16807854740}
{"sessionId":"6cd3b0","runId":"run1","hypothesisId":"B","location":"AuraProjectile.cpp:OnSphereOverlap","message":"Cast to character result","data":{"TargetCharacter":"null"},"timestamp":16807854741}
{"sessionId":"6cd3b0","runId":"run1","hypothesisId":"A","location":"AuraPlayerController.cpp:AbilityInputReleased","message":"Input released","data":{"InputTag":"InputTag.1","bIsTargeting":false,"FocusedActor":"null"},"timestamp":16807854840}
{"sessionId":"6cd3b0","runId":"run1","hypothesisId":"A","location":"AuraPlayerController.cpp:AbilityInputReleased","message":"Input released","data":{"InputTag":"InputTag.LMB","bIsTargeting":false,"FocusedActor":"null"},"timestamp":16807854998}
{"sessionId":"6cd3b0","runId":"run1","hypothesisId":"A","location":"AuraPlayerController.cpp:AbilityInputReleased","message":"NavPath obtained","data":{"PathPoints":2,"CachedDestination":"X=535.666 Y=359.516 Z=-0.500"},"timestamp":16807854999}
{"sessionId":"6cd3b0","runId":"run1","hypothesisId":"A","location":"AuraPlayerController.cpp:AbilityInputReleased","message":"Input released","data":{"InputTag":"InputTag.1","bIsTargeting":false,"FocusedActor":"null"},"timestamp":16807855349}
{"sessionId":"6cd3b0","runId":"run1","hypothesisId":"A","location":"AuraPlayerController.cpp:AbilityInputReleased","message":"Input released","data":{"InputTag":"InputTag.1","bIsTargeting":false,"FocusedActor":"null"},"timestamp":16807855523}
{"sessionId":"6cd3b0","runId":"run1","hypothesisId":"B","location":"AuraProjectile.cpp:OnSphereOverlap","message":"Projectile overlap begin","data":{"OtherActor":"StaticMeshActor_51","bHasAuthority":true},"timestamp":16807855590}
{"sessionId":"6cd3b0","runId":"run1","hypothesisId":"B","location":"AuraProjectile.cpp:OnSphereOverlap","message":"Cast to character result","data":{"TargetCharacter":"null"},"timestamp":16807855591}
{"sessionId":"6cd3b0","runId":"run1","hypothesisId":"A","location":"AuraPlayerController.cpp:AbilityInputReleased","message":"Input released","data":{"InputTag":"InputTag.LMB","bIsTargeting":false,"FocusedActor":"null"},"timestamp":16807855773}
{"sessionId":"6cd3b0","runId":"run1","hypothesisId":"A","location":"AuraPlayerController.cpp:AbilityInputReleased","message":"NavPath obtained","data":{"PathPoints":2,"CachedDestination":"X=294.352 Y=156.426 Z=-0.500"},"timestamp":16807855774}
{"sessionId":"6cd3b0","runId":"run1","hypothesisId":"A","location":"AuraPlayerController.cpp:AbilityInputReleased","message":"Input released","data":{"InputTag":"InputTag.LMB","bIsTargeting":false,"FocusedActor":"null"},"timestamp":16807855940}
{"sessionId":"6cd3b0","runId":"run1","hypothesisId":"A","location":"AuraPlayerController.cpp:AbilityInputReleased","message":"NavPath obtained","data":{"PathPoints":2,"CachedDestination":"X=227.005 Y=114.839 Z=-0.500"},"timestamp":16807855941}
{"sessionId":"6cd3b0","runId":"run1","hypothesisId":"A","location":"AuraPlayerController.cpp:AbilityInputReleased","message":"Input released","data":{"InputTag":"InputTag.1","bIsTargeting":false,"FocusedActor":"null"},"timestamp":16807856298}
{"sessionId":"6cd3b0","runId":"run1","hypothesisId":"A","location":"AuraPlayerController.cpp:AbilityInputReleased","message":"Input released","data":{"InputTag":"InputTag.LMB","bIsTargeting":false,"FocusedActor":"null"},"timestamp":16807856640}
{"sessionId":"6cd3b0","runId":"run1","hypothesisId":"A","location":"AuraPlayerController.cpp:AbilityInputReleased","message":"NavPath obtained","data":{"PathPoints":2,"CachedDestination":"X=184.682 Y=22.478 Z=-0.500"},"timestamp":16807856641}
{"sessionId":"6cd3b0","runId":"run1","hypothesisId":"B","location":"AuraProjectile.cpp:OnSphereOverlap","message":"Projectile overlap begin","data":{"OtherActor":"StaticMeshActor_51","bHasAuthority":true},"timestamp":16807856707}
{"sessionId":"6cd3b0","runId":"run1","hypothesisId":"B","location":"AuraProjectile.cpp:OnSphereOverlap","message":"Cast to character result","data":{"TargetCharacter":"null"},"timestamp":16807856708}
{"sessionId":"6cd3b0","runId":"run1","hypothesisId":"A","location":"AuraPlayerController.cpp:AbilityInputReleased","message":"Input released","data":{"InputTag":"InputTag.1","bIsTargeting":false,"FocusedActor":"null"},"timestamp":16807857040}
{"sessionId":"6cd3b0","runId":"run1","hypothesisId":"A","location":"AuraPlayerController.cpp:AbilityInputReleased","message":"Input released","data":{"InputTag":"InputTag.LMB","bIsTargeting":false,"FocusedActor":"null"},"timestamp":16807857365}
{"sessionId":"6cd3b0","runId":"run1","hypothesisId":"A","location":"AuraPlayerController.cpp:AbilityInputReleased","message":"NavPath obtained","data":{"PathPoints":2,"CachedDestination":"X=126.934 Y=14.030 Z=-0.500"},"timestamp":16807857366}
{"sessionId":"6cd3b0","runId":"run1","hypothesisId":"B","location":"AuraProjectile.cpp:OnSphereOverlap","message":"Projectile overlap begin","data":{"OtherActor":"StaticMeshActor_51","bHasAuthority":true},"timestamp":16807857583}
{"sessionId":"6cd3b0","runId":"run1","hypothesisId":"B","location":"AuraProjectile.cpp:OnSphereOverlap","message":"Cast to character result","data":{"TargetCharacter":"null"},"timestamp":16807857584}
{"sessionId":"6cd3b0","runId":"run1","hypothesisId":"A","location":"AuraPlayerController.cpp:AbilityInputReleased","message":"Input released","data":{"InputTag":"InputTag.1","bIsTargeting":false,"FocusedActor":"null"},"timestamp":16807857757}
{"sessionId":"6cd3b0","runId":"run1","hypothesisId":"A","location":"AuraPlayerController.cpp:AbilityInputReleased","message":"Input released","data":{"InputTag":"InputTag.LMB","bIsTargeting":false,"FocusedActor":"null"},"timestamp":16807858082}
{"sessionId":"6cd3b0","runId":"run1","hypothesisId":"A","location":"AuraPlayerController.cpp:AbilityInputReleased","message":"NavPath obtained","data":{"PathPoints":4,"CachedDestination":"X=233.660 Y=767.011 Z=-0.500"},"timestamp":16807858082}
{"sessionId":"6cd3b0","runId":"run1","hypothesisId":"B","location":"AuraProjectile.cpp:OnSphereOverlap","message":"Projectile overlap begin","data":{"OtherActor":"StaticMeshActor_51","bHasAuthority":true},"timestamp":16807858316}
{"sessionId":"6cd3b0","runId":"run1","hypothesisId":"B","location":"AuraProjectile.cpp:OnSphereOverlap","message":"Cast to character result","data":{"TargetCharacter":"null"},"timestamp":16807858317}
{"sessionId":"6cd3b0","runId":"run1","hypothesisId":"A","location":"AuraPlayerController.cpp:AbilityInputReleased","message":"Input released","data":{"InputTag":"InputTag.1","bIsTargeting":false,"FocusedActor":"null"},"timestamp":16807858498}
{"sessionId":"6cd3b0","runId":"run1","hypothesisId":"A","location":"AuraPlayerController.cpp:AbilityInputReleased","message":"Input released","data":{"InputTag":"InputTag.1","bIsTargeting":false,"FocusedActor":"null"},"timestamp":16807858707}
{"sessionId":"6cd3b0","runId":"run1","hypothesisId":"A","location":"AuraPlayerController.cpp:AbilityInputReleased","message":"Input released","data":{"InputTag":"InputTag.1","bIsTargeting":false,"FocusedActor":"null"},"timestamp":16807858907}
{"sessionId":"6cd3b0","runId":"run1","hypothesisId":"A","location":"AuraPlayerController.cpp:AbilityInputReleased","message":"Input released","data":{"InputTag":"InputTag.1","bIsTargeting":false,"FocusedActor":"null"},"timestamp":16807859082}
{"sessionId":"6cd3b0","runId":"run1","hypothesisId":"A","location":"AuraPlayerController.cpp:AbilityInputReleased","message":"Input released","data":{"InputTag":"InputTag.1","bIsTargeting":false,"FocusedActor":"null"},"timestamp":16807859273}
{"sessionId":"6cd3b0","runId":"run1","hypothesisId":"A","location":"AuraPlayerController.cpp:AbilityInputReleased","message":"Input released","data":{"InputTag":"InputTag.1","bIsTargeting":false,"FocusedActor":"null"},"timestamp":16807859457}
{"sessionId":"6cd3b0","runId":"run1","hypothesisId":"A","location":"AuraPlayerController.cpp:AbilityInputReleased","message":"Input released","data":{"InputTag":"InputTag.1","bIsTargeting":false,"FocusedActor":"null"},"timestamp":16807859640}
{"sessionId":"6cd3b0","runId":"run1","hypothesisId":"A","location":"AuraPlayerController.cpp:AbilityInputReleased","message":"Input released","data":{"InputTag":"InputTag.1","bIsTargeting":false,"FocusedActor":"null"},"timestamp":16807859807}
{"sessionId":"6cd3b0","runId":"run1","hypothesisId":"A","location":"AuraPlayerController.cpp:AbilityInputReleased","message":"Input released","data":{"InputTag":"InputTag.1","bIsTargeting":false,"FocusedActor":"null"},"timestamp":16807859982}
{"sessionId":"6cd3b0","runId":"run1","hypothesisId":"A","location":"AuraPlayerController.cpp:AbilityInputReleased","message":"Input released","data":{"InputTag":"InputTag.1","bIsTargeting":false,"FocusedActor":"null"},"timestamp":16807860156}
{"sessionId":"6cd3b0","runId":"run1","hypothesisId":"A","location":"AuraPlayerController.cpp:AbilityInputReleased","message":"Input released","data":{"InputTag":"InputTag.1","bIsTargeting":false,"FocusedActor":"null"},"timestamp":16807860323}
{"sessionId":"6cd3b0","runId":"run1","hypothesisId":"A","location":"AuraPlayerController.cpp:AbilityInputReleased","message":"Input released","data":{"InputTag":"InputTag.1","bIsTargeting":false,"FocusedActor":"null"},"timestamp":16807860490}
{"sessionId":"6cd3b0","runId":"run1","hypothesisId":"A","location":"AuraPlayerController.cpp:AbilityInputReleased","message":"Input released","data":{"InputTag":"InputTag.LMB","bIsTargeting":false,"FocusedActor":"null"},"timestamp":16807860732}
{"sessionId":"6cd3b0","runId":"run1","hypothesisId":"A","location":"AuraPlayerController.cpp:AbilityInputReleased","message":"NavPath obtained","data":{"PathPoints":2,"CachedDestination":"X=133.899 Y=207.824 Z=-0.500"},"timestamp":16807860732}
{"sessionId":"6cd3b0","runId":"run1","hypothesisId":"A","location":"AuraPlayerController.cpp:AbilityInputReleased","message":"Input released","data":{"InputTag":"InputTag.LMB","bIsTargeting":false,"FocusedActor":"null"},"timestamp":16807860873}
{"sessionId":"6cd3b0","runId":"run1","hypothesisId":"A","location":"AuraPlayerController.cpp:AbilityInputReleased","message":"NavPath obtained","data":{"PathPoints":2,"CachedDestination":"X=58.823 Y=213.157 Z=70.147"},"timestamp":16807860874}
{"sessionId":"6cd3b0","runId":"run1","hypothesisId":"A","location":"AuraPlayerController.cpp:AbilityInputReleased","message":"Input released","data":{"InputTag":"InputTag.1","bIsTargeting":false,"FocusedActor":"null"},"timestamp":16807861282}
{"sessionId":"6cd3b0","runId":"run1","hypothesisId":"A","location":"AuraPlayerController.cpp:AbilityInputReleased","message":"Input released","data":{"InputTag":"InputTag.LMB","bIsTargeting":false,"FocusedActor":"null"},"timestamp":16807861573}
{"sessionId":"6cd3b0","runId":"run1","hypothesisId":"A","location":"AuraPlayerController.cpp:AbilityInputReleased","message":"NavPath obtained","data":{"PathPoints":2,"CachedDestination":"X=154.819 Y=45.304 Z=-0.500"},"timestamp":16807861574}
{"sessionId":"6cd3b0","runId":"run1","hypothesisId":"B","location":"AuraProjectile.cpp:OnSphereOverlap","message":"Projectile overlap begin","data":{"OtherActor":"StaticMeshActor_51","bHasAuthority":true},"timestamp":16807861591}
{"sessionId":"6cd3b0","runId":"run1","hypothesisId":"B","location":"AuraProjectile.cpp:OnSphereOverlap","message":"Cast to character result","data":{"TargetCharacter":"null"},"timestamp":16807861591}
{"sessionId":"6cd3b0","runId":"run1","hypothesisId":"A","location":"AuraPlayerController.cpp:AbilityInputReleased","message":"Input released","data":{"InputTag":"InputTag.LMB","bIsTargeting":false,"FocusedActor":"null"},"timestamp":16807861724}
{"sessionId":"6cd3b0","runId":"run1","hypothesisId":"A","location":"AuraPlayerController.cpp:AbilityInputReleased","message":"NavPath obtained","data":{"PathPoints":2,"CachedDestination":"X=110.347 Y=-0.485 Z=-0.500"},"timestamp":16807861724}
{"sessionId":"6cd3b0","runId":"run1","hypothesisId":"A","location":"AuraPlayerController.cpp:AbilityInputReleased","message":"Input released","data":{"InputTag":"InputTag.1","bIsTargeting":false,"FocusedActor":"null"},"timestamp":16807862132}
{"sessionId":"6cd3b0","runId":"run1","hypothesisId":"A","location":"AuraPlayerController.cpp:AbilityInputReleased","message":"Input released","data":{"InputTag":"InputTag.LMB","bIsTargeting":false,"FocusedActor":"null"},"timestamp":16807862432}
{"sessionId":"6cd3b0","runId":"run1","hypothesisId":"A","location":"AuraPlayerController.cpp:AbilityInputReleased","message":"NavPath obtained","data":{"PathPoints":3,"CachedDestination":"X=-11.589 Y=-32.041 Z=-0.500"},"timestamp":16807862432}
{"sessionId":"6cd3b0","runId":"run1","hypothesisId":"A","location":"AuraPlayerController.cpp:AbilityInputReleased","message":"Input released","data":{"InputTag":"InputTag.LMB","bIsTargeting":false,"FocusedActor":"null"},"timestamp":16807862599}
{"sessionId":"6cd3b0","runId":"run1","hypothesisId":"A","location":"AuraPlayerController.cpp:AbilityInputReleased","message":"NavPath obtained","data":{"PathPoints":2,"CachedDestination":"X=-99.072 Y=-4.260 Z=-0.500"},"timestamp":16807862599}
{"sessionId":"6cd3b0","runId":"run1","hypothesisId":"A","location":"AuraPlayerController.cpp:AbilityInputReleased","message":"Input released","data":{"InputTag":"InputTag.LMB","bIsTargeting":false,"FocusedActor":"null"},"timestamp":16807862732}
{"sessionId":"6cd3b0","runId":"run1","hypothesisId":"A","location":"AuraPlayerController.cpp:AbilityInputReleased","message":"NavPath obtained","data":{"PathPoints":2,"CachedDestination":"X=-174.858 Y=4.993 Z=-0.500"},"timestamp":16807862732}
{"sessionId":"6cd3b0","runId":"run1","hypothesisId":"B","location":"AuraProjectile.cpp:OnSphereOverlap","message":"Projectile overlap begin","data":{"OtherActor":"StaticMeshActor_51","bHasAuthority":true},"timestamp":16807862791}
{"sessionId":"6cd3b0","runId":"run1","hypothesisId":"B","location":"AuraProjectile.cpp:OnSphereOverlap","message":"Cast to character result","data":{"TargetCharacter":"null"},"timestamp":16807862791}
{"sessionId":"6cd3b0","runId":"run1","hypothesisId":"A","location":"AuraPlayerController.cpp:AbilityInputReleased","message":"Input released","data":{"InputTag":"InputTag.LMB","bIsTargeting":false,"FocusedActor":"null"},"timestamp":16807862882}
{"sessionId":"6cd3b0","runId":"run1","hypothesisId":"A","location":"AuraPlayerController.cpp:AbilityInputReleased","message":"NavPath obtained","data":{"PathPoints":2,"CachedDestination":"X=-260.509 Y=13.392 Z=-0.500"},"timestamp":16807862882}
{"sessionId":"6cd3b0","runId":"run1","hypothesisId":"A","location":"AuraPlayerController.cpp:AbilityInputReleased","message":"Input released","data":{"InputTag":"InputTag.LMB","bIsTargeting":false,"FocusedActor":"null"},"timestamp":16807863040}
{"sessionId":"6cd3b0","runId":"run1","hypothesisId":"A","location":"AuraPlayerController.cpp:AbilityInputReleased","message":"NavPath obtained","data":{"PathPoints":2,"CachedDestination":"X=-350.204 Y=32.718 Z=-0.500"},"timestamp":16807863040}
{"sessionId":"6cd3b0","runId":"run1","hypothesisId":"A","location":"AuraPlayerController.cpp:AbilityInputReleased","message":"Input released","data":{"InputTag":"InputTag.LMB","bIsTargeting":false,"FocusedActor":"null"},"timestamp":16807863199}
{"sessionId":"6cd3b0","runId":"run1","hypothesisId":"A","location":"AuraPlayerController.cpp:AbilityInputReleased","message":"NavPath obtained","data":{"PathPoints":2,"CachedDestination":"X=-436.508 Y=50.259 Z=-0.500"},"timestamp":16807863199}
{"sessionId":"6cd3b0","runId":"run1","hypothesisId":"A","location":"AuraPlayerController.cpp:AbilityInputReleased","message":"Input released","data":{"InputTag":"InputTag.LMB","bIsTargeting":false,"FocusedActor":"null"},"timestamp":16807863348}
{"sessionId":"6cd3b0","runId":"run1","hypothesisId":"A","location":"AuraPlayerController.cpp:AbilityInputReleased","message":"NavPath obtained","data":{"PathPoints":2,"CachedDestination":"X=-519.274 Y=67.755 Z=-0.500"},"timestamp":16807863349}
{"sessionId":"6cd3b0","runId":"run1","hypothesisId":"A","location":"AuraPlayerController.cpp:AbilityInputReleased","message":"Input released","data":{"InputTag":"InputTag.LMB","bIsTargeting":false,"FocusedActor":"null"},"timestamp":16807863490}
{"sessionId":"6cd3b0","runId":"run1","hypothesisId":"A","location":"AuraPlayerController.cpp:AbilityInputReleased","message":"NavPath obtained","data":{"PathPoints":2,"CachedDestination":"X=-596.828 Y=87.971 Z=-0.500"},"timestamp":16807863491}
{"sessionId":"6cd3b0","runId":"run1","hypothesisId":"A","location":"AuraPlayerController.cpp:AbilityInputReleased","message":"Input released","data":{"InputTag":"InputTag.LMB","bIsTargeting":false,"FocusedActor":"null"},"timestamp":16807863865}
{"sessionId":"6cd3b0","runId":"run1","hypothesisId":"A","location":"AuraPlayerController.cpp:AbilityInputReleased","message":"NavPath obtained","data":{"PathPoints":2,"CachedDestination":"X=-780.421 Y=191.202 Z=-0.500"},"timestamp":16807863866}
{"sessionId":"6cd3b0","runId":"run1","hypothesisId":"A","location":"AuraPlayerController.cpp:AbilityInputReleased","message":"Input released","data":{"InputTag":"InputTag.1","bIsTargeting":true,"FocusedActor":"BP_Goblin_Spear_C_1"},"timestamp":16807864232}
{"sessionId":"6cd3b0","runId":"run1","hypothesisId":"A","location":"AuraPlayerController.cpp:AbilityInputReleased","message":"Input released","data":{"InputTag":"InputTag.LMB","bIsTargeting":false,"FocusedActor":"null"},"timestamp":16807864594}
{"sessionId":"6cd3b0","runId":"run1","hypothesisId":"A","location":"AuraPlayerController.cpp:AbilityInputReleased","message":"NavPath obtained","data":{"PathPoints":2,"CachedDestination":"X=-898.223 Y=9.388 Z=-0.500"},"timestamp":16807864594}
{"sessionId":"6cd3b0","runId":"run1","hypothesisId":"B","location":"AuraProjectile.cpp:OnSphereOverlap","message":"Projectile overlap begin","data":{"OtherActor":"BP_Goblin_Spear_C_1","bHasAuthority":true},"timestamp":16807864666}
{"sessionId":"6cd3b0","runId":"run1","hypothesisId":"B","location":"AuraProjectile.cpp:OnSphereOverlap","message":"Cast to character result","data":{"TargetCharacter":"BP_Goblin_Spear_C_1"},"timestamp":16807864667}
{"sessionId":"6cd3b0","runId":"run1","hypothesisId":"C","location":"DamageExecutionCalculation.cpp:Execute","message":"Damage execution calc entered","data":{"SourceASC":"AbilitySystemComponent","TargetASC":"AbilitySystemComponent"},"timestamp":16807864667}
{"sessionId":"6cd3b0","runId":"run1","hypothesisId":"C","location":"AuraAttributeSet.cpp:PostGameplayEffectExecute","message":"Processing incoming damage","data":{"TargetAvatar":"BP_Goblin_Spear_C_1","SourceAvatar":"BP_Aura_C_0","IncomingDamage":4.835435},"timestamp":16807864667}
{"sessionId":"6cd3b0","runId":"run1","hypothesisId":"B","location":"AuraProjectile.cpp:OnSphereOverlap","message":"Applied damage effect","data":{"TargetASC":"AbilitySystemComponent"},"timestamp":16807864670}
{"sessionId":"6cd3b0","runId":"run1","hypothesisId":"A","location":"AuraPlayerController.cpp:AbilityInputReleased","message":"Input released","data":{"InputTag":"InputTag.LMB","bIsTargeting":false,"FocusedActor":"null"},"timestamp":16807864745}
{"sessionId":"6cd3b0","runId":"run1","hypothesisId":"A","location":"AuraPlayerController.cpp:AbilityInputReleased","message":"NavPath obtained","data":{"PathPoints":2,"CachedDestination":"X=-919.177 Y=8.243 Z=-0.500"},"timestamp":16807864745}
{"sessionId":"6cd3b0","runId":"run1","hypothesisId":"A","location":"AuraPlayerController.cpp:AbilityInputReleased","message":"Input released","data":{"InputTag":"InputTag.1","bIsTargeting":false,"FocusedActor":"null"},"timestamp":16807865070}
{"sessionId":"6cd3b0","runId":"run1","hypothesisId":"A","location":"AuraPlayerController.cpp:AbilityInputReleased","message":"Input released","data":{"InputTag":"InputTag.LMB","bIsTargeting":false,"FocusedActor":"null"},"timestamp":16807865370}
{"sessionId":"6cd3b0","runId":"run1","hypothesisId":"A","location":"AuraPlayerController.cpp:AbilityInputReleased","message":"NavPath obtained","data":{"PathPoints":2,"CachedDestination":"X=-1040.260 Y=50.149 Z=-0.500"},"timestamp":16807865370}
{"sessionId":"6cd3b0","runId":"run1","hypothesisId":"A","location":"AuraPlayerController.cpp:AbilityInputReleased","message":"Input released","data":{"InputTag":"InputTag.1","bIsTargeting":false,"FocusedActor":"null"},"timestamp":16807865803}
{"sessionId":"6cd3b0","runId":"run1","hypothesisId":"A","location":"AuraPlayerController.cpp:AbilityInputReleased","message":"Input released","data":{"InputTag":"InputTag.LMB","bIsTargeting":false,"FocusedActor":"null"},"timestamp":16807866153}
{"sessionId":"6cd3b0","runId":"run1","hypothesisId":"A","location":"AuraPlayerController.cpp:AbilityInputReleased","message":"NavPath obtained","data":{"PathPoints":2,"CachedDestination":"X=-1157.915 Y=6.256 Z=-0.500"},"timestamp":16807866153}
{"sessionId":"6cd3b0","runId":"run1","hypothesisId":"B","location":"AuraProjectile.cpp:OnSphereOverlap","message":"Projectile overlap begin","data":{"OtherActor":"BP_Goblin_Spear_C_1","bHasAuthority":true},"timestamp":16807866187}
{"sessionId":"6cd3b0","runId":"run1","hypothesisId":"B","location":"AuraProjectile.cpp:OnSphereOverlap","message":"Cast to character result","data":{"TargetCharacter":"BP_Goblin_Spear_C_1"},"timestamp":16807866187}
{"sessionId":"6cd3b0","runId":"run1","hypothesisId":"C","location":"DamageExecutionCalculation.cpp:Execute","message":"Damage execution calc entered","data":{"SourceASC":"AbilitySystemComponent","TargetASC":"AbilitySystemComponent"},"timestamp":16807866187}
{"sessionId":"6cd3b0","runId":"run1","hypothesisId":"C","location":"AuraAttributeSet.cpp:PostGameplayEffectExecute","message":"Processing incoming damage","data":{"TargetAvatar":"BP_Goblin_Spear_C_1","SourceAvatar":"BP_Aura_C_0","IncomingDamage":9.670871},"timestamp":16807866188}
{"sessionId":"6cd3b0","runId":"run1","hypothesisId":"B","location":"AuraProjectile.cpp:OnSphereOverlap","message":"Applied damage effect","data":{"TargetASC":"AbilitySystemComponent"},"timestamp":16807866188}
{"sessionId":"6cd3b0","runId":"run1","hypothesisId":"A","location":"AuraPlayerController.cpp:AbilityInputReleased","message":"Input released","data":{"InputTag":"InputTag.1","bIsTargeting":true,"FocusedActor":"BP_Goblin_Spear_C_1"},"timestamp":16807866669}
{"sessionId":"6cd3b0","runId":"run1","hypothesisId":"A","location":"AuraPlayerController.cpp:AbilityInputReleased","message":"Input released","data":{"InputTag":"InputTag.LMB","bIsTargeting":false,"FocusedActor":"null"},"timestamp":16807866986}
{"sessionId":"6cd3b0","runId":"run1","hypothesisId":"A","location":"AuraPlayerController.cpp:AbilityInputReleased","message":"NavPath obtained","data":{"PathPoints":2,"CachedDestination":"X=-1218.066 Y=167.930 Z=-0.500"},"timestamp":16807866987}
{"sessionId":"6cd3b0","runId":"run1","hypothesisId":"B","location":"AuraProjectile.cpp:OnSphereOverlap","message":"Projectile overlap begin","data":{"OtherActor":"BP_Goblin_Spear_C_1","bHasAuthority":true},"timestamp":16807866988}
{"sessionId":"6cd3b0","runId":"run1","hypothesisId":"B","location":"AuraProjectile.cpp:OnSphereOverlap","message":"Cast to character result","data":{"TargetCharacter":"BP_Goblin_Spear_C_1"},"timestamp":16807866988}
{"sessionId":"6cd3b0","runId":"run1","hypothesisId":"C","location":"DamageExecutionCalculation.cpp:Execute","message":"Damage execution calc entered","data":{"SourceASC":"AbilitySystemComponent","TargetASC":"AbilitySystemComponent"},"timestamp":16807866988}
{"sessionId":"6cd3b0","runId":"run1","hypothesisId":"C","location":"AuraAttributeSet.cpp:PostGameplayEffectExecute","message":"Processing incoming damage","data":{"TargetAvatar":"BP_Goblin_Spear_C_1","SourceAvatar":"BP_Aura_C_0","IncomingDamage":9.670871},"timestamp":16807866988}
{"sessionId":"6cd3b0","runId":"run1","hypothesisId":"B","location":"AuraProjectile.cpp:OnSphereOverlap","message":"Applied damage effect","data":{"TargetASC":"AbilitySystemComponent"},"timestamp":16807866989}
{"sessionId":"6cd3b0","runId":"run1","hypothesisId":"A","location":"AuraPlayerController.cpp:AbilityInputReleased","message":"Input released","data":{"InputTag":"InputTag.1","bIsTargeting":true,"FocusedActor":"BP_Goblin_Spear_C_1"},"timestamp":16807867320}
{"sessionId":"6cd3b0","runId":"run1","hypothesisId":"B","location":"AuraProjectile.cpp:OnSphereOverlap","message":"Projectile overlap begin","data":{"OtherActor":"BP_Goblin_Spear_C_1","bHasAuthority":true},"timestamp":16807867547}
{"sessionId":"6cd3b0","runId":"run1","hypothesisId":"B","location":"AuraProjectile.cpp:OnSphereOverlap","message":"Cast to character result","data":{"TargetCharacter":"BP_Goblin_Spear_C_1"},"timestamp":16807867548}
{"sessionId":"6cd3b0","runId":"run1","hypothesisId":"C","location":"DamageExecutionCalculation.cpp:Execute","message":"Damage execution calc entered","data":{"SourceASC":"AbilitySystemComponent","TargetASC":"AbilitySystemComponent"},"timestamp":16807867548}
{"sessionId":"6cd3b0","runId":"run1","hypothesisId":"C","location":"AuraAttributeSet.cpp:PostGameplayEffectExecute","message":"Processing incoming damage","data":{"TargetAvatar":"BP_Goblin_Spear_C_1","SourceAvatar":"BP_Aura_C_0","IncomingDamage":9.670871},"timestamp":16807867548}
{"sessionId":"6cd3b0","runId":"run1","hypothesisId":"B","location":"AuraProjectile.cpp:OnSphereOverlap","message":"Applied damage effect","data":{"TargetASC":"AbilitySystemComponent"},"timestamp":16807867550}
{"sessionId":"6cd3b0","runId":"run1","hypothesisId":"A","location":"AuraPlayerController.cpp:AbilityInputReleased","message":"Input released","data":{"InputTag":"InputTag.LMB","bIsTargeting":false,"FocusedActor":"null"},"timestamp":16807867656}
{"sessionId":"6cd3b0","runId":"run1","hypothesisId":"A","location":"AuraPlayerController.cpp:AbilityInputReleased","message":"NavPath obtained","data":{"PathPoints":2,"CachedDestination":"X=-1319.955 Y=33.654 Z=-0.500"},"timestamp":16807867657}
{"sessionId":"6cd3b0","runId":"run1","hypothesisId":"A","location":"AuraPlayerController.cpp:AbilityInputReleased","message":"Input released","data":{"InputTag":"InputTag.LMB","bIsTargeting":false,"FocusedActor":"null"},"timestamp":16807867790}
{"sessionId":"6cd3b0","runId":"run1","hypothesisId":"A","location":"AuraPlayerController.cpp:AbilityInputReleased","message":"NavPath obtained","data":{"PathPoints":2,"CachedDestination":"X=-1356.436 Y=5.363 Z=-0.500"},"timestamp":16807867790}
{"sessionId":"6cd3b0","runId":"run1","hypothesisId":"A","location":"AuraPlayerController.cpp:AbilityInputReleased","message":"Input released","data":{"InputTag":"InputTag.1","bIsTargeting":false,"FocusedActor":"null"},"timestamp":16807868315}
{"sessionId":"6cd3b0","runId":"run1","hypothesisId":"A","location":"AuraPlayerController.cpp:AbilityInputReleased","message":"Input released","data":{"InputTag":"InputTag.LMB","bIsTargeting":false,"FocusedActor":"null"},"timestamp":16807868598}
{"sessionId":"6cd3b0","runId":"run1","hypothesisId":"A","location":"AuraPlayerController.cpp:AbilityInputReleased","message":"NavPath obtained","data":{"PathPoints":2,"CachedDestination":"X=-1409.195 Y=73.478 Z=-0.500"},"timestamp":16807868599}
{"sessionId":"6cd3b0","runId":"run1","hypothesisId":"B","location":"AuraProjectile.cpp:OnSphereOverlap","message":"Projectile overlap begin","data":{"OtherActor":"BP_Goblin_Spear_C_1","bHasAuthority":true},"timestamp":16807868815}
{"sessionId":"6cd3b0","runId":"run1","hypothesisId":"B","location":"AuraProjectile.cpp:OnSphereOverlap","message":"Cast to character result","data":{"TargetCharacter":"BP_Goblin_Spear_C_1"},"timestamp":16807868816}
{"sessionId":"6cd3b0","runId":"run1","hypothesisId":"C","location":"DamageExecutionCalculation.cpp:Execute","message":"Damage execution calc entered","data":{"SourceASC":"AbilitySystemComponent","TargetASC":"AbilitySystemComponent"},"timestamp":16807868816}
{"sessionId":"6cd3b0","runId":"run1","hypothesisId":"C","location":"AuraAttributeSet.cpp:PostGameplayEffectExecute","message":"Processing incoming damage","data":{"TargetAvatar":"BP_Goblin_Spear_C_1","SourceAvatar":"BP_Aura_C_0","IncomingDamage":9.670871},"timestamp":16807868816}
{"sessionId":"6cd3b0","runId":"run1","hypothesisId":"B","location":"AuraProjectile.cpp:OnSphereOverlap","message":"Applied damage effect","data":{"TargetASC":"AbilitySystemComponent"},"timestamp":16807868817}
{"sessionId":"6cd3b0","runId":"run1","hypothesisId":"A","location":"AuraPlayerController.cpp:AbilityInputReleased","message":"Input released","data":{"InputTag":"InputTag.1","bIsTargeting":true,"FocusedActor":"BP_Goblin_Spear_C_1"},"timestamp":16807869048}
{"sessionId":"6cd3b0","runId":"run1","hypothesisId":"A","location":"AuraPlayerController.cpp:AbilityInputReleased","message":"Input released","data":{"InputTag":"InputTag.LMB","bIsTargeting":false,"FocusedActor":"null"},"timestamp":16807869373}
{"sessionId":"6cd3b0","runId":"run1","hypothesisId":"A","location":"AuraPlayerController.cpp:AbilityInputReleased","message":"NavPath obtained","data":{"PathPoints":2,"CachedDestination":"X=-1421.204 Y=179.132 Z=-0.500"},"timestamp":16807869373}
{"sessionId":"6cd3b0","runId":"run1","hypothesisId":"B","location":"AuraProjectile.cpp:OnSphereOverlap","message":"Projectile overlap begin","data":{"OtherActor":"BP_Goblin_Spear_C_1","bHasAuthority":true},"timestamp":16807869574}
{"sessionId":"6cd3b0","runId":"run1","hypothesisId":"B","location":"AuraProjectile.cpp:OnSphereOverlap","message":"Cast to character result","data":{"TargetCharacter":"BP_Goblin_Spear_C_1"},"timestamp":16807869575}
{"sessionId":"6cd3b0","runId":"run1","hypothesisId":"C","location":"DamageExecutionCalculation.cpp:Execute","message":"Damage execution calc entered","data":{"SourceASC":"AbilitySystemComponent","TargetASC":"AbilitySystemComponent"},"timestamp":16807869575}
{"sessionId":"6cd3b0","runId":"run1","hypothesisId":"C","location":"AuraAttributeSet.cpp:PostGameplayEffectExecute","message":"Processing incoming damage","data":{"TargetAvatar":"BP_Goblin_Spear_C_1","SourceAvatar":"BP_Aura_C_0","IncomingDamage":9.670871},"timestamp":16807869575}
{"sessionId":"6cd3b0","runId":"run1","hypothesisId":"B","location":"AuraProjectile.cpp:OnSphereOverlap","message":"Applied damage effect","data":{"TargetASC":"AbilitySystemComponent"},"timestamp":16807869576}
{"sessionId":"6cd3b0","runId":"run1","hypothesisId":"A","location":"AuraPlayerController.cpp:AbilityInputReleased","message":"Input released","data":{"InputTag":"InputTag.1","bIsTargeting":true,"FocusedActor":"BP_Goblin_Spear_C_1"},"timestamp":16807869848}
{"sessionId":"6cd3b0","runId":"run1","hypothesisId":"A","location":"AuraPlayerController.cpp:AbilityInputReleased","message":"Input released","data":{"InputTag":"InputTag.LMB","bIsTargeting":false,"FocusedActor":"null"},"timestamp":16807870306}
{"sessionId":"6cd3b0","runId":"run1","hypothesisId":"A","location":"AuraPlayerController.cpp:AbilityInputReleased","message":"NavPath obtained","data":{"PathPoints":2,"CachedDestination":"X=-1453.269 Y=269.841 Z=-0.500"},"timestamp":16807870307}
{"sessionId":"6cd3b0","runId":"run1","hypothesisId":"B","location":"AuraProjectile.cpp:OnSphereOverlap","message":"Projectile overlap begin","data":{"OtherActor":"BP_Goblin_Spear_C_1","bHasAuthority":true},"timestamp":16807870391}
{"sessionId":"6cd3b0","runId":"run1","hypothesisId":"B","location":"AuraProjectile.cpp:OnSphereOverlap","message":"Cast to character result","data":{"TargetCharacter":"BP_Goblin_Spear_C_1"},"timestamp":16807870392}
{"sessionId":"6cd3b0","runId":"run1","hypothesisId":"C","location":"DamageExecutionCalculation.cpp:Execute","message":"Damage execution calc entered","data":{"SourceASC":"AbilitySystemComponent","TargetASC":"AbilitySystemComponent"},"timestamp":16807870392}
{"sessionId":"6cd3b0","runId":"run1","hypothesisId":"C","location":"AuraAttributeSet.cpp:PostGameplayEffectExecute","message":"Processing incoming damage","data":{"TargetAvatar":"BP_Goblin_Spear_C_1","SourceAvatar":"BP_Aura_C_0","IncomingDamage":9.670871},"timestamp":16807870392}
{"sessionId":"6cd3b0","runId":"run1","hypothesisId":"B","location":"AuraProjectile.cpp:OnSphereOverlap","message":"Applied damage effect","data":{"TargetASC":"AbilitySystemComponent"},"timestamp":16807870395}
{"sessionId":"6cd3b0","runId":"run1","hypothesisId":"A","location":"AuraPlayerController.cpp:AbilityInputReleased","message":"Input released","data":{"InputTag":"InputTag.1","bIsTargeting":true,"FocusedActor":"BP_Goblin_Spear_C_1"},"timestamp":16807870793}
{"sessionId":"6cd3b0","runId":"run1","hypothesisId":"A","location":"AuraPlayerController.cpp:AbilityInputReleased","message":"Input released","data":{"InputTag":"InputTag.LMB","bIsTargeting":false,"FocusedActor":"null"},"timestamp":16807871109}
{"sessionId":"6cd3b0","runId":"run1","hypothesisId":"A","location":"AuraPlayerController.cpp:AbilityInputReleased","message":"NavPath obtained","data":{"PathPoints":2,"CachedDestination":"X=-1483.028 Y=373.399 Z=-0.500"},"timestamp":16807871110}
{"sessionId":"6cd3b0","runId":"run1","hypothesisId":"B","location":"AuraProjectile.cpp:OnSphereOverlap","message":"Projectile overlap begin","data":{"OtherActor":"BP_Goblin_Spear_C_1","bHasAuthority":true},"timestamp":16807871110}
{"sessionId":"6cd3b0","runId":"run1","hypothesisId":"B","location":"AuraProjectile.cpp:OnSphereOverlap","message":"Cast to character result","data":{"TargetCharacter":"BP_Goblin_Spear_C_1"},"timestamp":16807871111}
{"sessionId":"6cd3b0","runId":"run1","hypothesisId":"C","location":"DamageExecutionCalculation.cpp:Execute","message":"Damage execution calc entered","data":{"SourceASC":"AbilitySystemComponent","TargetASC":"AbilitySystemComponent"},"timestamp":16807871111}
{"sessionId":"6cd3b0","runId":"run1","hypothesisId":"C","location":"AuraAttributeSet.cpp:PostGameplayEffectExecute","message":"Processing incoming damage","data":{"TargetAvatar":"BP_Goblin_Spear_C_1","SourceAvatar":"BP_Aura_C_0","IncomingDamage":9.670871},"timestamp":16807871111}
{"sessionId":"6cd3b0","runId":"run1","hypothesisId":"B","location":"AuraProjectile.cpp:OnSphereOverlap","message":"Applied damage effect","data":{"TargetASC":"AbilitySystemComponent"},"timestamp":16807871112}
{"sessionId":"6cd3b0","runId":"run1","hypothesisId":"A","location":"AuraPlayerController.cpp:AbilityInputReleased","message":"Input released","data":{"InputTag":"InputTag.1","bIsTargeting":true,"FocusedActor":"BP_Goblin_Spear_C_1"},"timestamp":16807871693}
{"sessionId":"6cd3b0","runId":"run1","hypothesisId":"A","location":"AuraPlayerController.cpp:AbilityInputReleased","message":"Input released","data":{"InputTag":"InputTag.LMB","bIsTargeting":false,"FocusedActor":"null"},"timestamp":16807871986}
{"sessionId":"6cd3b0","runId":"run1","hypothesisId":"A","location":"AuraPlayerController.cpp:AbilityInputReleased","message":"NavPath obtained","data":{"PathPoints":2,"CachedDestination":"X=-1452.943 Y=550.217 Z=-0.500"},"timestamp":16807871986}
{"sessionId":"6cd3b0","runId":"run1","hypothesisId":"B","location":"AuraProjectile.cpp:OnSphereOverlap","message":"Projectile overlap begin","data":{"OtherActor":"BP_Goblin_Spear_C_1","bHasAuthority":true},"timestamp":16807872095}
{"sessionId":"6cd3b0","runId":"run1","hypothesisId":"B","location":"AuraProjectile.cpp:OnSphereOverlap","message":"Cast to character result","data":{"TargetCharacter":"BP_Goblin_Spear_C_1"},"timestamp":16807872095}
{"sessionId":"6cd3b0","runId":"run1","hypothesisId":"C","location":"DamageExecutionCalculation.cpp:Execute","message":"Damage execution calc entered","data":{"SourceASC":"AbilitySystemComponent","TargetASC":"AbilitySystemComponent"},"timestamp":16807872096}
{"sessionId":"6cd3b0","runId":"run1","hypothesisId":"C","location":"AuraAttributeSet.cpp:PostGameplayEffectExecute","message":"Processing incoming damage","data":{"TargetAvatar":"BP_Goblin_Spear_C_1","SourceAvatar":"BP_Aura_C_0","IncomingDamage":9.670871},"timestamp":16807872096}
{"sessionId":"6cd3b0","runId":"run1","hypothesisId":"B","location":"AuraProjectile.cpp:OnSphereOverlap","message":"Applied damage effect","data":{"TargetASC":"AbilitySystemComponent"},"timestamp":16807872097}
{"sessionId":"6cd3b0","runId":"run1","hypothesisId":"A","location":"AuraPlayerController.cpp:AbilityInputReleased","message":"Input released","data":{"InputTag":"InputTag.1","bIsTargeting":false,"FocusedActor":"null"},"timestamp":16807872436}
{"sessionId":"6cd3b0","runId":"run1","hypothesisId":"A","location":"AuraPlayerController.cpp:AbilityInputReleased","message":"Input released","data":{"InputTag":"InputTag.LMB","bIsTargeting":false,"FocusedActor":"null"},"timestamp":16807872803}
{"sessionId":"6cd3b0","runId":"run1","hypothesisId":"A","location":"AuraPlayerController.cpp:AbilityInputReleased","message":"NavPath obtained","data":{"PathPoints":2,"CachedDestination":"X=-1362.908 Y=731.080 Z=-0.500"},"timestamp":16807872803}
{"sessionId":"6cd3b0","runId":"run1","hypothesisId":"A","location":"AuraPlayerController.cpp:AbilityInputReleased","message":"Input released","data":{"InputTag":"InputTag.1","bIsTargeting":true,"FocusedActor":"BP_Goblin_Spear_C_1"},"timestamp":16807873236}
{"sessionId":"6cd3b0","runId":"run1","hypothesisId":"B","location":"AuraProjectile.cpp:OnSphereOverlap","message":"Projectile overlap begin","data":{"OtherActor":"BP_Goblin_Spear_C_1","bHasAuthority":true},"timestamp":16807873539}
{"sessionId":"6cd3b0","runId":"run1","hypothesisId":"B","location":"AuraProjectile.cpp:OnSphereOverlap","message":"Cast to character result","data":{"TargetCharacter":"BP_Goblin_Spear_C_1"},"timestamp":16807873540}
{"sessionId":"6cd3b0","runId":"run1","hypothesisId":"C","location":"DamageExecutionCalculation.cpp:Execute","message":"Damage execution calc entered","data":{"SourceASC":"AbilitySystemComponent","TargetASC":"AbilitySystemComponent"},"timestamp":16807873540}
{"sessionId":"6cd3b0","runId":"run1","hypothesisId":"C","location":"AuraAttributeSet.cpp:PostGameplayEffectExecute","message":"Processing incoming damage","data":{"TargetAvatar":"BP_Goblin_Spear_C_1","SourceAvatar":"BP_Aura_C_0","IncomingDamage":9.670871},"timestamp":16807873540}
{"sessionId":"6cd3b0","runId":"run1","hypothesisId":"B","location":"AuraProjectile.cpp:OnSphereOverlap","message":"Applied damage effect","data":{"TargetASC":"AbilitySystemComponent"},"timestamp":16807873541}
{"sessionId":"6cd3b0","runId":"run1","hypothesisId":"A","location":"AuraPlayerController.cpp:AbilityInputReleased","message":"Input released","data":{"InputTag":"InputTag.LMB","bIsTargeting":false,"FocusedActor":"null"},"timestamp":16807873547}
{"sessionId":"6cd3b0","runId":"run1","hypothesisId":"A","location":"AuraPlayerController.cpp:AbilityInputReleased","message":"NavPath obtained","data":{"PathPoints":2,"CachedDestination":"X=-1377.144 Y=761.167 Z=-0.500"},"timestamp":16807873548}
{"sessionId":"6cd3b0","runId":"run1","hypothesisId":"A","location":"AuraPlayerController.cpp:AbilityInputReleased","message":"Input released","data":{"InputTag":"InputTag.1","bIsTargeting":true,"FocusedActor":"null"},"timestamp":16807873956}
{"sessionId":"6cd3b0","runId":"run1","hypothesisId":"A","location":"AuraPlayerController.cpp:AbilityInputReleased","message":"Input released","data":{"InputTag":"InputTag.LMB","bIsTargeting":false,"FocusedActor":"null"},"timestamp":16807874206}
{"sessionId":"6cd3b0","runId":"run1","hypothesisId":"A","location":"AuraPlayerController.cpp:AbilityInputReleased","message":"NavPath obtained","data":{"PathPoints":2,"CachedDestination":"X=-1355.666 Y=909.499 Z=-0.500"},"timestamp":16807874206}
{"sessionId":"6cd3b0","runId":"run1","hypothesisId":"B","location":"AuraProjectile.cpp:OnSphereOverlap","message":"Projectile overlap begin","data":{"OtherActor":"BP_Goblin_Spear_C_1","bHasAuthority":true},"timestamp":16807874423}
{"sessionId":"6cd3b0","runId":"run1","hypothesisId":"B","location":"AuraProjectile.cpp:OnSphereOverlap","message":"Cast to character result","data":{"TargetCharacter":"BP_Goblin_Spear_C_1"},"timestamp":16807874424}
{"sessionId":"6cd3b0","runId":"run1","hypothesisId":"C","location":"DamageExecutionCalculation.cpp:Execute","message":"Damage execution calc entered","data":{"SourceASC":"AbilitySystemComponent","TargetASC":"AbilitySystemComponent"},"timestamp":16807874424}
{"sessionId":"6cd3b0","runId":"run1","hypothesisId":"C","location":"AuraAttributeSet.cpp:PostGameplayEffectExecute","message":"Processing incoming damage","data":{"TargetAvatar":"BP_Goblin_Spear_C_1","SourceAvatar":"BP_Aura_C_0","IncomingDamage":9.670871},"timestamp":16807874424}
{"sessionId":"6cd3b0","runId":"run1","hypothesisId":"B","location":"AuraProjectile.cpp:OnSphereOverlap","message":"Applied damage effect","data":{"TargetASC":"AbilitySystemComponent"},"timestamp":16807874426}
{"sessionId":"6cd3b0","runId":"run1","hypothesisId":"A","location":"AuraPlayerController.cpp:AbilityInputReleased","message":"Input released","data":{"InputTag":"InputTag.1","bIsTargeting":false,"FocusedActor":"null"},"timestamp":16807874649}
{"sessionId":"6cd3b0","runId":"run1","hypothesisId":"A","location":"AuraPlayerController.cpp:AbilityInputReleased","message":"Input released","data":{"InputTag":"InputTag.LMB","bIsTargeting":false,"FocusedActor":"null"},"timestamp":16807874957}
{"sessionId":"6cd3b0","runId":"run1","hypothesisId":"A","location":"AuraPlayerController.cpp:AbilityInputReleased","message":"NavPath obtained","data":{"PathPoints":2,"CachedDestination":"X=-1367.318 Y=975.276 Z=-0.500"},"timestamp":16807874958}
{"sessionId":"6cd3b0","runId":"run1","hypothesisId":"B","location":"AuraProjectile.cpp:OnSphereOverlap","message":"Projectile overlap begin","data":{"OtherActor":"BP_Goblin_Spear_C_1","bHasAuthority":true},"timestamp":16807875292}
{"sessionId":"6cd3b0","runId":"run1","hypothesisId":"B","location":"AuraProjectile.cpp:OnSphereOverlap","message":"Cast to character result","data":{"TargetCharacter":"BP_Goblin_Spear_C_1"},"timestamp":16807875293}
{"sessionId":"6cd3b0","runId":"run1","hypothesisId":"C","location":"DamageExecutionCalculation.cpp:Execute","message":"Damage execution calc entered","data":{"SourceASC":"AbilitySystemComponent","TargetASC":"AbilitySystemComponent"},"timestamp":16807875293}
{"sessionId":"6cd3b0","runId":"run1","hypothesisId":"C","location":"AuraAttributeSet.cpp:PostGameplayEffectExecute","message":"Processing incoming damage","data":{"TargetAvatar":"BP_Goblin_Spear_C_1","SourceAvatar":"BP_Aura_C_0","IncomingDamage":4.835435},"timestamp":16807875293}
{"sessionId":"6cd3b0","runId":"run1","hypothesisId":"B","location":"AuraProjectile.cpp:OnSphereOverlap","message":"Applied damage effect","data":{"TargetASC":"AbilitySystemComponent"},"timestamp":16807875297}
{"sessionId":"6cd3b0","runId":"run1","hypothesisId":"A","location":"AuraPlayerController.cpp:AbilityInputReleased","message":"Input released","data":{"InputTag":"InputTag.1","bIsTargeting":true,"FocusedActor":"BP_Goblin_Spear_C_1"},"timestamp":16807875344}
{"sessionId":"6cd3b0","runId":"run1","hypothesisId":"A","location":"AuraPlayerController.cpp:AbilityInputReleased","message":"Input released","data":{"InputTag":"InputTag.LMB","bIsTargeting":false,"FocusedActor":"null"},"timestamp":16807875794}
{"sessionId":"6cd3b0","runId":"run1","hypothesisId":"A","location":"AuraPlayerController.cpp:AbilityInputReleased","message":"NavPath obtained","data":{"PathPoints":2,"CachedDestination":"X=-1438.410 Y=852.510 Z=-0.500"},"timestamp":16807875795}
{"sessionId":"6cd3b0","runId":"run1","hypothesisId":"A","location":"AuraPlayerController.cpp:AbilityInputReleased","message":"Input released","data":{"InputTag":"InputTag.LMB","bIsTargeting":false,"FocusedActor":"null"},"timestamp":16807875936}
{"sessionId":"6cd3b0","runId":"run1","hypothesisId":"A","location":"AuraPlayerController.cpp:AbilityInputReleased","message":"NavPath obtained","data":{"PathPoints":2,"CachedDestination":"X=-1469.502 Y=818.113 Z=-0.500"},"timestamp":16807875937}
{"sessionId":"6cd3b0","runId":"run1","hypothesisId":"B","location":"AuraProjectile.cpp:OnSphereOverlap","message":"Projectile overlap begin","data":{"OtherActor":"BP_Goblin_Spear_C_1","bHasAuthority":true},"timestamp":16807876187}
{"sessionId":"6cd3b0","runId":"run1","hypothesisId":"B","location":"AuraProjectile.cpp:OnSphereOverlap","message":"Cast to character result","data":{"TargetCharacter":"BP_Goblin_Spear_C_1"},"timestamp":16807876188}
{"sessionId":"6cd3b0","runId":"run1","hypothesisId":"C","location":"DamageExecutionCalculation.cpp:Execute","message":"Damage execution calc entered","data":{"SourceASC":"AbilitySystemComponent","TargetASC":"AbilitySystemComponent"},"timestamp":16807876188}
{"sessionId":"6cd3b0","runId":"run1","hypothesisId":"C","location":"AuraAttributeSet.cpp:PostGameplayEffectExecute","message":"Processing incoming damage","data":{"TargetAvatar":"BP_Goblin_Spear_C_1","SourceAvatar":"BP_Aura_C_0","IncomingDamage":9.670871},"timestamp":16807876188}
{"sessionId":"6cd3b0","runId":"run1","hypothesisId":"B","location":"AuraProjectile.cpp:OnSphereOverlap","message":"Applied damage effect","data":{"TargetASC":"AbilitySystemComponent"},"timestamp":16807876190}
{"sessionId":"6cd3b0","runId":"run1","hypothesisId":"A","location":"AuraPlayerController.cpp:AbilityInputReleased","message":"Input released","data":{"InputTag":"InputTag.1","bIsTargeting":true,"FocusedActor":"BP_Goblin_Spear_C_1"},"timestamp":16807876313}
{"sessionId":"6cd3b0","runId":"run1","hypothesisId":"A","location":"AuraPlayerController.cpp:AbilityInputReleased","message":"Input released","data":{"InputTag":"InputTag.LMB","bIsTargeting":false,"FocusedActor":"null"},"timestamp":16807876589}
{"sessionId":"6cd3b0","runId":"run1","hypothesisId":"A","location":"AuraPlayerController.cpp:AbilityInputReleased","message":"NavPath obtained","data":{"PathPoints":2,"CachedDestination":"X=-1466.819 Y=1011.740 Z=-0.500"},"timestamp":16807876589}
{"sessionId":"6cd3b0","runId":"run1","hypothesisId":"B","location":"AuraProjectile.cpp:OnSphereOverlap","message":"Projectile overlap begin","data":{"OtherActor":"BP_Goblin_Spear_C_1","bHasAuthority":true},"timestamp":16807877031}
{"sessionId":"6cd3b0","runId":"run1","hypothesisId":"B","location":"AuraProjectile.cpp:OnSphereOverlap","message":"Cast to character result","data":{"TargetCharacter":"BP_Goblin_Spear_C_1"},"timestamp":16807877032}
{"sessionId":"6cd3b0","runId":"run1","hypothesisId":"C","location":"DamageExecutionCalculation.cpp:Execute","message":"Damage execution calc entered","data":{"SourceASC":"AbilitySystemComponent","TargetASC":"AbilitySystemComponent"},"timestamp":16807877032}
{"sessionId":"6cd3b0","runId":"run1","hypothesisId":"C","location":"AuraAttributeSet.cpp:PostGameplayEffectExecute","message":"Processing incoming damage","data":{"TargetAvatar":"BP_Goblin_Spear_C_1","SourceAvatar":"BP_Aura_C_0","IncomingDamage":9.670871},"timestamp":16807877032}
{"sessionId":"6cd3b0","runId":"run1","hypothesisId":"B","location":"AuraProjectile.cpp:OnSphereOverlap","message":"Applied damage effect","data":{"TargetASC":"AbilitySystemComponent"},"timestamp":16807877037}
{"sessionId":"6cd3b0","runId":"run1","hypothesisId":"A","location":"AuraPlayerController.cpp:AbilityInputReleased","message":"Input released","data":{"InputTag":"InputTag.LMB","bIsTargeting":false,"FocusedActor":"null"},"timestamp":16807877231}
{"sessionId":"6cd3b0","runId":"run1","hypothesisId":"A","location":"AuraPlayerController.cpp:AbilityInputReleased","message":"NavPath obtained","data":{"PathPoints":2,"CachedDestination":"X=-1273.413 Y=397.654 Z=-0.500"},"timestamp":16807877232}
{"sessionId":"6cd3b0","runId":"run1","hypothesisId":"A","location":"AuraPlayerController.cpp:AbilityInputReleased","message":"Input released","data":{"InputTag":"InputTag.1","bIsTargeting":false,"FocusedActor":"null"},"timestamp":16807877289}
{"sessionId":"6cd3b0","runId":"run1","hypothesisId":"A","location":"AuraPlayerController.cpp:AbilityInputReleased","message":"Input released","data":{"InputTag":"InputTag.LMB","bIsTargeting":false,"FocusedActor":"null"},"timestamp":16807882356}
{"sessionId":"6cd3b0","runId":"run1","hypothesisId":"A","location":"AuraPlayerController.cpp:AbilityInputReleased","message":"NavPath obtained","data":{"PathPoints":2,"CachedDestination":"X=-610.072 Y=778.562 Z=-0.500"},"timestamp":16807882357}
{"sessionId":"6cd3b0","runId":"run1","hypothesisId":"A","location":"AuraPlayerController.cpp:AbilityInputReleased","message":"Input released","data":{"InputTag":"InputTag.LMB","bIsTargeting":false,"FocusedActor":"null"},"timestamp":16807882906}
{"sessionId":"6cd3b0","runId":"run1","hypothesisId":"A","location":"AuraPlayerController.cpp:AbilityInputReleased","message":"NavPath obtained","data":{"PathPoints":2,"CachedDestination":"X=-555.141 Y=540.406 Z=-0.500"},"timestamp":16807882907}
{"sessionId":"6cd3b0","runId":"run1","hypothesisId":"A","location":"AuraPlayerController.cpp:AbilityInputReleased","message":"Input released","data":{"InputTag":"InputTag.LMB","bIsTargeting":false,"FocusedActor":"null"},"timestamp":16807883098}
{"sessionId":"6cd3b0","runId":"run1","hypothesisId":"A","location":"AuraPlayerController.cpp:AbilityInputReleased","message":"NavPath obtained","data":{"PathPoints":2,"CachedDestination":"X=-615.649 Y=494.611 Z=-0.500"},"timestamp":16807883098}
{"sessionId":"6cd3b0","runId":"run1","hypothesisId":"A","location":"AuraPlayerController.cpp:AbilityInputReleased","message":"Input released","data":{"InputTag":"InputTag.LMB","bIsTargeting":false,"FocusedActor":"null"},"timestamp":16807883248}
{"sessionId":"6cd3b0","runId":"run1","hypothesisId":"A","location":"AuraPlayerController.cpp:AbilityInputReleased","message":"NavPath obtained","data":{"PathPoints":2,"CachedDestination":"X=-663.816 Y=523.378 Z=-0.500"},"timestamp":16807883248}
{"sessionId":"6cd3b0","runId":"run1","hypothesisId":"A","location":"AuraPlayerController.cpp:AbilityInputReleased","message":"Input released","data":{"InputTag":"InputTag.LMB","bIsTargeting":false,"FocusedActor":"null"},"timestamp":16807883748}
{"sessionId":"6cd3b0","runId":"run1","hypothesisId":"A","location":"AuraPlayerController.cpp:AbilityInputReleased","message":"NavPath obtained","data":{"PathPoints":2,"CachedDestination":"X=-715.998 Y=643.167 Z=-0.500"},"timestamp":16807883748}
{"sessionId":"6cd3b0","runId":"run1","hypothesisId":"A","location":"AuraPlayerController.cpp:AbilityInputReleased","message":"Input released","data":{"InputTag":"InputTag.LMB","bIsTargeting":false,"FocusedActor":"null"},"timestamp":16807884139}
{"sessionId":"6cd3b0","runId":"run1","hypothesisId":"A","location":"AuraPlayerController.cpp:AbilityInputReleased","message":"NavPath obtained","data":{"PathPoints":2,"CachedDestination":"X=-822.857 Y=585.082 Z=-0.500"},"timestamp":16807884140}
{"sessionId":"6cd3b0","runId":"run1","hypothesisId":"A","location":"AuraPlayerController.cpp:AbilityInputReleased","message":"Input released","data":{"InputTag":"InputTag.LMB","bIsTargeting":false,"FocusedActor":"null"},"timestamp":16807884514}
{"sessionId":"6cd3b0","runId":"run1","hypothesisId":"A","location":"AuraPlayerController.cpp:AbilityInputReleased","message":"NavPath obtained","data":{"PathPoints":2,"CachedDestination":"X=-781.707 Y=487.747 Z=-0.500"},"timestamp":16807884515}
{"sessionId":"6cd3b0","runId":"run1","hypothesisId":"A","location":"AuraPlayerController.cpp:AbilityInputReleased","message":"Input released","data":{"InputTag":"InputTag.LMB","bIsTargeting":false,"FocusedActor":"null"},"timestamp":16807884806}
{"sessionId":"6cd3b0","runId":"run1","hypothesisId":"A","location":"AuraPlayerController.cpp:AbilityInputReleased","message":"NavPath obtained","data":{"PathPoints":2,"CachedDestination":"X=-488.772 Y=479.798 Z=-0.500"},"timestamp":16807884807}
{"sessionId":"6cd3b0","runId":"run1","hypothesisId":"A","location":"AuraPlayerController.cpp:AbilityInputReleased","message":"Input released","data":{"InputTag":"InputTag.LMB","bIsTargeting":false,"FocusedActor":"null"},"timestamp":16807885098}
{"sessionId":"6cd3b0","runId":"run1","hypothesisId":"A","location":"AuraPlayerController.cpp:AbilityInputReleased","message":"NavPath obtained","data":{"PathPoints":2,"CachedDestination":"X=-617.374 Y=671.786 Z=-0.500"},"timestamp":16807885098}
{"sessionId":"6cd3b0","runId":"run1","hypothesisId":"A","location":"AuraPlayerController.cpp:AbilityInputReleased","message":"Input released","data":{"InputTag":"InputTag.LMB","bIsTargeting":false,"FocusedActor":"null"},"timestamp":16807885398}
{"sessionId":"6cd3b0","runId":"run1","hypothesisId":"A","location":"AuraPlayerController.cpp:AbilityInputReleased","message":"NavPath obtained","data":{"PathPoints":2,"CachedDestination":"X=-715.025 Y=720.156 Z=-0.500"},"timestamp":16807885398}
{"sessionId":"6cd3b0","runId":"run1","hypothesisId":"A","location":"AuraPlayerController.cpp:AbilityInputReleased","message":"Input released","data":{"InputTag":"InputTag.LMB","bIsTargeting":false,"FocusedActor":"null"},"timestamp":16807885714}
{"sessionId":"6cd3b0","runId":"run1","hypothesisId":"A","location":"AuraPlayerController.cpp:AbilityInputReleased","message":"NavPath obtained","data":{"PathPoints":2,"CachedDestination":"X=-748.333 Y=569.377 Z=-0.500"},"timestamp":16807885715}
{"sessionId":"6cd3b0","runId":"run1","hypothesisId":"A","location":"AuraPlayerController.cpp:AbilityInputReleased","message":"Input released","data":{"InputTag":"InputTag.LMB","bIsTargeting":false,"FocusedActor":"null"},"timestamp":16807886006}
{"sessionId":"6cd3b0","runId":"run1","hypothesisId":"A","location":"AuraPlayerController.cpp:AbilityInputReleased","message":"NavPath obtained","data":{"PathPoints":2,"CachedDestination":"X=-612.172 Y=411.811 Z=-0.500"},"timestamp":16807886007}
{"sessionId":"6cd3b0","runId":"run1","hypothesisId":"A","location":"AuraPlayerController.cpp:AbilityInputReleased","message":"Input released","data":{"InputTag":"InputTag.LMB","bIsTargeting":false,"FocusedActor":"null"},"timestamp":16807886356}
{"sessionId":"6cd3b0","runId":"run1","hypothesisId":"A","location":"AuraPlayerController.cpp:AbilityInputReleased","message":"NavPath obtained","data":{"PathPoints":2,"CachedDestination":"X=-633.861 Y=644.611 Z=-0.500"},"timestamp":16807886356}
{"sessionId":"6cd3b0","runId":"run1","hypothesisId":"A","location":"AuraPlayerController.cpp:AbilityInputReleased","message":"Input released","data":{"InputTag":"InputTag.LMB","bIsTargeting":false,"FocusedActor":"null"},"timestamp":16807886648}
{"sessionId":"6cd3b0","runId":"run1","hypothesisId":"A","location":"AuraPlayerController.cpp:AbilityInputReleased","message":"NavPath obtained","data":{"PathPoints":2,"CachedDestination":"X=-729.037 Y=579.917 Z=-0.500"},"timestamp":16807886648}
{"sessionId":"6cd3b0","runId":"run1","hypothesisId":"A","location":"AuraPlayerController.cpp:AbilityInputReleased","message":"Input released","data":{"InputTag":"InputTag.LMB","bIsTargeting":false,"FocusedActor":"null"},"timestamp":16807886939}
{"sessionId":"6cd3b0","runId":"run1","hypothesisId":"A","location":"AuraPlayerController.cpp:AbilityInputReleased","message":"NavPath obtained","data":{"PathPoints":2,"CachedDestination":"X=-654.990 Y=494.225 Z=-0.500"},"timestamp":16807886940}
{"sessionId":"6cd3b0","runId":"run1","hypothesisId":"A","location":"AuraPlayerController.cpp:AbilityInputReleased","message":"Input released","data":{"InputTag":"InputTag.LMB","bIsTargeting":false,"FocusedActor":"null"},"timestamp":16807887206}
{"sessionId":"6cd3b0","runId":"run1","hypothesisId":"A","location":"AuraPlayerController.cpp:AbilityInputReleased","message":"NavPath obtained","data":{"PathPoints":2,"CachedDestination":"X=-701.396 Y=627.575 Z=-0.500"},"timestamp":16807887207}
{"sessionId":"6cd3b0","runId":"run1","hypothesisId":"A","location":"AuraPlayerController.cpp:AbilityInputReleased","message":"Input released","data":{"InputTag":"InputTag.LMB","bIsTargeting":false,"FocusedActor":"null"},"timestamp":16807887689}
{"sessionId":"6cd3b0","runId":"run1","hypothesisId":"A","location":"AuraPlayerController.cpp:AbilityInputReleased","message":"NavPath obtained","data":{"PathPoints":2,"CachedDestination":"X=-674.995 Y=501.360 Z=-0.500"},"timestamp":16807887690}
{"sessionId":"6cd3b0","runId":"run1","hypothesisId":"A","location":"AuraPlayerController.cpp:AbilityInputReleased","message":"Input released","data":{"InputTag":"InputTag.LMB","bIsTargeting":false,"FocusedActor":"null"},"timestamp":16807887981}
{"sessionId":"6cd3b0","runId":"run1","hypothesisId":"A","location":"AuraPlayerController.cpp:AbilityInputReleased","message":"NavPath obtained","data":{"PathPoints":2,"CachedDestination":"X=-693.674 Y=672.240 Z=-0.500"},"timestamp":16807887982}
{"sessionId":"6cd3b0","runId":"run1","hypothesisId":"A","location":"AuraPlayerController.cpp:AbilityInputReleased","message":"Input released","data":{"InputTag":"InputTag.LMB","bIsTargeting":false,"FocusedActor":"null"},"timestamp":16807888231}
{"sessionId":"6cd3b0","runId":"run1","hypothesisId":"A","location":"AuraPlayerController.cpp:AbilityInputReleased","message":"NavPath obtained","data":{"PathPoints":2,"CachedDestination":"X=-781.490 Y=638.419 Z=-0.500"},"timestamp":16807888232}
{"sessionId":"6cd3b0","runId":"run1","hypothesisId":"A","location":"AuraPlayerController.cpp:AbilityInputReleased","message":"Input released","data":{"InputTag":"InputTag.LMB","bIsTargeting":false,"FocusedActor":"null"},"timestamp":16807888506}
{"sessionId":"6cd3b0","runId":"run1","hypothesisId":"A","location":"AuraPlayerController.cpp:AbilityInputReleased","message":"NavPath obtained","data":{"PathPoints":2,"CachedDestination":"X=-729.837 Y=476.629 Z=-0.500"},"timestamp":16807888507}
{"sessionId":"6cd3b0","runId":"run1","hypothesisId":"A","location":"AuraPlayerController.cpp:AbilityInputReleased","message":"Input released","data":{"InputTag":"InputTag.LMB","bIsTargeting":false,"FocusedActor":"null"},"timestamp":16807888781}
{"sessionId":"6cd3b0","runId":"run1","hypothesisId":"A","location":"AuraPlayerController.cpp:AbilityInputReleased","message":"NavPath obtained","data":{"PathPoints":2,"CachedDestination":"X=-539.792 Y=378.397 Z=-0.500"},"timestamp":16807888782}
{"sessionId":"6cd3b0","runId":"run1","hypothesisId":"A","location":"AuraPlayerController.cpp:AbilityInputReleased","message":"Input released","data":{"InputTag":"InputTag.LMB","bIsTargeting":false,"FocusedActor":"null"},"timestamp":16807889048}
{"sessionId":"6cd3b0","runId":"run1","hypothesisId":"A","location":"AuraPlayerController.cpp:AbilityInputReleased","message":"NavPath obtained","data":{"PathPoints":2,"CachedDestination":"X=-612.927 Y=633.205 Z=-0.500"},"timestamp":16807889049}
{"sessionId":"6cd3b0","runId":"run1","hypothesisId":"A","location":"AuraPlayerController.cpp:AbilityInputReleased","message":"Input released","data":{"InputTag":"InputTag.LMB","bIsTargeting":false,"FocusedActor":"null"},"timestamp":16807889273}
{"sessionId":"6cd3b0","runId":"run1","hypothesisId":"A","location":"AuraPlayerController.cpp:AbilityInputReleased","message":"NavPath obtained","data":{"PathPoints":2,"CachedDestination":"X=-733.547 Y=624.890 Z=-0.500"},"timestamp":16807889273}
